#program	1
#seed	4763468699358786294
flint.pitch	56.4500008
flint.attack	8.09999943
flint.decay	69.9000015
flint.tone	31.6999989
flint.drive	93.5
flint.driveType	1
flint.level	-37.7400017
flint.velocity	78.9000015
flint.variation	40.7000008
flint.noteOffDamps	1
flint.mode	1
flint.kick.model	1
flint.mallet.model	1
flint.kick.analog.sweep	49.7000008
flint.kick.analog.sweepTime	11.5
flint.kick.analog.click	73.2999954
flint.kick.analog.bodyShape	35.0999985
flint.mallet.bar.material	96.9000015
flint.mallet.bar.hardness	58.6999969
flint.mallet.bar.position	50.5
flint.mallet.bar.overtones	82.2999954
flint.mallet.bar.resonator	44.0999985
flint.trackingOversampling	1
flint.offlineOversampling	1
